#1.
bjame@DESKTOP-2TLNQQ1 MINGW64 ~/desktop/dev/perscholas/labs/day2
$ mkdirgalaxy-far-far-away
bash: mkdirgalaxy-far-far-away: command not found

bjame@DESKTOP-2TLNQQ1 MINGW64 ~/desktop/dev/perscholas/labs/day2
$ cd galaxy-far-far-away
bash: cd: galaxy-far-far-away: No such file or directory

bjame@DESKTOP-2TLNQQ1 MINGW64 ~/desktop/dev/perscholas/labs/day2
$ mkdirgalaxy_far_far_away
bash: mkdirgalaxy_far_far_away: command not found

bjame@DESKTOP-2TLNQQ1 MINGW64 ~/desktop/dev/perscholas/labs/day2
$ mkdir galaxy-far-far-away

bjame@DESKTOP-2TLNQQ1 MINGW64 ~/desktop/dev/perscholas/labs/day2
$ cd galaxy-far-far-away

bjame@DESKTOP-2TLNQQ1 MINGW64 ~/desktop/dev/perscholas/labs/day2/galaxy-far-far-away
$ touch commands.txt

bjame@DESKTOP-2TLNQQ1 MINGW64 ~/desktop/dev/perscholas/labs/day2/galaxy-far-far-away
$ mkdir death_star

bjame@DESKTOP-2TLNQQ1 MINGW64 ~/desktop/dev/perscholas/labs/day2/galaxy-far-far-away
$ cd death_star

bjame@DESKTOP-2TLNQQ1 MINGW64 ~/desktop/dev/perscholas/labs/day2/galaxy-far-far-away/death_star
$ touch darth_vader.txt princess_leia.txt storm_trooper.txt

bjame@DESKTOP-2TLNQQ1 MINGW64 ~/desktop/dev/perscholas/labs/day2/galaxy-far-far-away/death_star
$ cd ..

bjame@DESKTOP-2TLNQQ1 MINGW64 ~/desktop/dev/perscholas/labs/day2/galaxy-far-far-away
$ mkdir tatooine

bjame@DESKTOP-2TLNQQ1 MINGW64 ~/desktop/dev/perscholas/labs/day2/galaxy-far-far-away
$ cd tatooine

bjame@DESKTOP-2TLNQQ1 MINGW64 ~/desktop/dev/perscholas/labs/day2/galaxy-far-far-away/tatooine
$ touch luke.txt ben_kenobi.txt

bjame@DESKTOP-2TLNQQ1 MINGW64 ~/desktop/dev/perscholas/labs/day2/galaxy-far-far-away/tatooine
$ ls
ben_kenobi.txt  luke.txt

bjame@DESKTOP-2TLNQQ1 MINGW64 ~/desktop/dev/perscholas/labs/day2/galaxy-far-far-away/tatooine
$


#2

bjame@DESKTOP-2TLNQQ1 MINGW64 ~/desktop/dev/perscholas/labs/day2/galaxy-far-far-away/tatooine
$ mv ben_kenobi.txt obi_wan.txt

bjame@DESKTOP-2TLNQQ1 MINGW64 ~/desktop/dev/perscholas/labs/day2/galaxy-far-far-away/tatooine
$

#2 part 2

bjame@DESKTOP-2TLNQQ1 MINGW64 ~/desktop/dev/perscholas/labs/day2/galaxy-far-far-away/tatooine
$ cd ..

bjame@DESKTOP-2TLNQQ1 MINGW64 ~/desktop/dev/perscholas/labs/day2/galaxy-far-far-away
$ ls
commands.txt  death_star/  tatooine/

bjame@DESKTOP-2TLNQQ1 MINGW64 ~/desktop/dev/perscholas/labs/day2/galaxy-far-far-away
$ cd death_star

bjame@DESKTOP-2TLNQQ1 MINGW64 ~/desktop/dev/perscholas/labs/day2/galaxy-far-far-away/death_star
$ ls
darth_vader.txt  princess_leia.txt  storm_trooper.txt

bjame@DESKTOP-2TLNQQ1 MINGW64 ~/desktop/dev/perscholas/labs/day2/galaxy-far-far-away/death_star
$ cp storm_trooper.txt ~/desktop/dev/perscholas/labs/day2/galaxy-far-far-away/tatooine

bjame@DESKTOP-2TLNQQ1 MINGW64 ~/desktop/dev/perscholas/labs/day2/galaxy-far-far-away/death_star

#4


bjame@DESKTOP-2TLNQQ1 MINGW64 ~/desktop/dev/perscholas/labs/day2/galaxy-far-far-away/death_star
$ cd ..

bjame@DESKTOP-2TLNQQ1 MINGW64 ~/desktop/dev/perscholas/labs/day2/galaxy-far-far-away
$ ls
commands.txt  death_star/  tatooine/

bjame@DESKTOP-2TLNQQ1 MINGW64 ~/desktop/dev/perscholas/labs/day2/galaxy-far-far-away
$ cd tatooine

bjame@DESKTOP-2TLNQQ1 MINGW64 ~/desktop/dev/perscholas/labs/day2/galaxy-far-far-away/tatooine
$ mkdir millenium_falcon

bjame@DESKTOP-2TLNQQ1 MINGW64 ~/desktop/dev/perscholas/labs/day2/galaxy-far-far-away/tatooine
$ cd millenium_falcon

bjame@DESKTOP-2TLNQQ1 MINGW64 ~/desktop/dev/perscholas/labs/day2/galaxy-far-far-away/tatooine/millenium_falcon
$ touch han_solo.txt chewbaca.txt

bjame@DESKTOP-2TLNQQ1 MINGW64 ~/desktop/dev/perscholas/labs/day2/galaxy-far-far-away/tatooine/millenium_falcon
$ cd ..

bjame@DESKTOP-2TLNQQ1 MINGW64 ~/desktop/dev/perscholas/labs/day2/galaxy-far-far-away/tatooine
$ ls
luke.txt  millenium_falcon/  obi_wan.txt  storm_trooper.txt

bjame@DESKTOP-2TLNQQ1 MINGW64 ~/desktop/dev/perscholas/labs/day2/galaxy-far-far-away/tatooine
$ mv luke.txt millenium_falcon/luke.txt && mv obi_wan.txt millenium_falcon/obi_wan.txt

bjame@DESKTOP-2TLNQQ1 MINGW64 ~/desktop/dev/perscholas/labs/day2/galaxy-far-far-away/tatooine
$
$ cd ..

bjame@DESKTOP-2TLNQQ1 MINGW64 ~/desktop/dev/perscholas/labs/day2/galaxy-far-far-away
$ ls
commands.txt  death_star/  tatooine/

bjame@DESKTOP-2TLNQQ1 MINGW64 ~/desktop/dev/perscholas/labs/day2/galaxy-far-far-away
$ cd tatooine

bjame@DESKTOP-2TLNQQ1 MINGW64 ~/desktop/dev/perscholas/labs/day2/galaxy-far-far-away/tatooine
$ mkdir millenium_falcon

bjame@DESKTOP-2TLNQQ1 MINGW64 ~/desktop/dev/perscholas/labs/day2/galaxy-far-far-away/tatooine
$ cd millenium_falcon

bjame@DESKTOP-2TLNQQ1 MINGW64 ~/desktop/dev/perscholas/labs/day2/galaxy-far-far-away/tatooine/millenium_falcon
$ touch han_solo.txt chewbaca.txt

bjame@DESKTOP-2TLNQQ1 MINGW64 ~/desktop/dev/perscholas/labs/day2/galaxy-far-far-away/tatooine/millenium_falcon
$ cd ..

bjame@DESKTOP-2TLNQQ1 MINGW64 ~/desktop/dev/perscholas/labs/day2/galaxy-far-far-away/tatooine
$ v luke.txt millenium_falcon/luke.txt && mv obi_wan.txt millenium_falcon/obi_wan.txt
r-away/death_starNQQ1 MINGW64 ~/desktop/dev/perscholas/labs/day2/galaxy-far-far

bjame@DESKTOP-2TLNQQ1 MINGW64 ~/desktop/dev/perscholas/labs/day2/galaxy-far-far-away/tatooine
$
bash: bjame@DESKTOP-2TLNQQ1: command not found

bjame@DESKTOP-2TLNQQ1 MINGW64 ~/desktop/dev/perscholas/labs/day2/galaxy-far-far-away/tatooine
$ $ cd ..
bash: $: command not found

bjame@DESKTOP-2TLNQQ1 MINGW64 ~/desktop/dev/perscholas/labs/day2/galaxy-far-far-away/tatooine
$

bjame@DESKTOP-2TLNQQ1 MINGW64 ~/desktop/dev/perscholas/labs/day2/galaxy-far-far-away/tatooine
$ bjame@DESKTOP-2TLNQQ1 MINGW64 ~/desktop/dev/perscholas/labs/day2/galaxy-far-far-away
bash: bjame@DESKTOP-2TLNQQ1: command not found

bjame@DESKTOP-2TLNQQ1 MINGW64 ~/desktop/dev/perscholas/labs/day2/galaxy-far-far-away/tatooine
$ $ ls
bash: $: command not found

bjame@DESKTOP-2TLNQQ1 MINGW64 ~/desktop/dev/perscholas/labs/day2/galaxy-far-far-away/tatooine
$ commands.txt  death_star/  tatooine/
bash: commands.txt: command not found

bjame@DESKTOP-2TLNQQ1 MINGW64 ~/desktop/dev/perscholas/labs/day2/galaxy-far-far-away/tatooine
$

bjame@DESKTOP-2TLNQQ1 MINGW64 ~/desktop/dev/perscholas/labs/day2/galaxy-far-far-away/tatooine
$ bjame@DESKTOP-2TLNQQ1 MINGW64 ~/desktop/dev/perscholas/labs/day2/galaxy-far-far-away
bash: bjame@DESKTOP-2TLNQQ1: command not found

bjame@DESKTOP-2TLNQQ1 MINGW64 ~/desktop/dev/perscholas/labs/day2/galaxy-far-far-away/tatooine
$ $ cd tatooine
bash: $: command not found

bjame@DESKTOP-2TLNQQ1 MINGW64 ~/desktop/dev/perscholas/labs/day2/galaxy-far-far-away/tatooine
$

bjame@DESKTOP-2TLNQQ1 MINGW64 ~/desktop/dev/perscholas/labs/day2/galaxy-far-far-away/tatooine
$ bjame@DESKTOP-2TLNQQ1 MINGW64 ~/desktop/dev/perscholas/labs/day2/galaxy-far-far-away/tatooine
bash: bjame@DESKTOP-2TLNQQ1: command not found

bjame@DESKTOP-2TLNQQ1 MINGW64 ~/desktop/dev/perscholas/labs/day2/galaxy-far-far-away/tatooine
$ $ mkdir millenium_falcon
bash: $: command not found

bjame@DESKTOP-2TLNQQ1 MINGW64 ~/desktop/dev/perscholas/labs/day2/galaxy-far-far-away/tatooine
$

bjame@DESKTOP-2TLNQQ1 MINGW64 ~/desktop/dev/perscholas/labs/day2/galaxy-far-far-away/tatooine
$ bjame@DESKTOP-2TLNQQ1 MINGW64 ~/desktop/dev/perscholas/labs/day2/galaxy-far-far-away/tatooine
bash: bjame@DESKTOP-2TLNQQ1: command not found

bjame@DESKTOP-2TLNQQ1 MINGW64 ~/desktop/dev/perscholas/labs/day2/galaxy-far-far-away/tatooine
$ $ cd millenium_falcon
bash: $: command not found

bjame@DESKTOP-2TLNQQ1 MINGW64 ~/desktop/dev/perscholas/labs/day2/galaxy-far-far-away/tatooine
$

bjame@DESKTOP-2TLNQQ1 MINGW64 ~/desktop/dev/perscholas/labs/day2/galaxy-far-far-away/tatooine
$ bjame@DESKTOP-2TLNQQ1 MINGW64 ~/desktop/dev/perscholas/labs/day2/galaxy-far-far-away/tatooine/millenium_falcon
bash: bjame@DESKTOP-2TLNQQ1: command not found

bjame@DESKTOP-2TLNQQ1 MINGW64 ~/desktop/dev/perscholas/labs/day2/galaxy-far-far-away/tatooine
$ $ touch han_solo.txt chewbaca.txt
bash: $: command not found

bjame@DESKTOP-2TLNQQ1 MINGW64 ~/desktop/dev/perscholas/labs/day2/galaxy-far-far-away/tatooine
$

bjame@DESKTOP-2TLNQQ1 MINGW64 ~/desktop/dev/perscholas/labs/day2/galaxy-far-far-away/tatooine
$ bjame@DESKTOP-2TLNQQ1 MINGW64 ~/desktop/dev/perscholas/labs/day2/galaxy-far-far-away/tatooine/millenium_falcon
bash: bjame@DESKTOP-2TLNQQ1: command not found

bjame@DESKTOP-2TLNQQ1 MINGW64 ~/desktop/dev/perscholas/labs/day2/galaxy-far-far-away/tatooine
$ $ cd ..
bash: $: command not found

bjame@DESKTOP-2TLNQQ1 MINGW64 ~/desktop/dev/perscholas/labs/day2/galaxy-far-far-away/tatooine
$

bjame@DESKTOP-2TLNQQ1 MINGW64 ~/desktop/dev/perscholas/labs/day2/galaxy-far-far-away/tatooine
$ bjame@DESKTOP-2TLNQQ1 MINGW64 ~/desktop/dev/perscholas/labs/day2/galaxy-far-far-away/tatooine
bash: bjame@DESKTOP-2TLNQQ1: command not found

bjame@DESKTOP-2TLNQQ1 MINGW64 ~/desktop/dev/perscholas/labs/day2/galaxy-far-far-away/tatooine
$ $ ls
bash: $: command not found

bjame@DESKTOP-2TLNQQ1 MINGW64 ~/desktop/dev/perscholas/labs/day2/galaxy-far-far-away/tatooine
$ luke.txt  millenium_falcon/  obi_wan.txt  storm_trooper.txt
bash: luke.txt: command not found

bjame@DESKTOP-2TLNQQ1 MINGW64 ~/desktop/dev/perscholas/labs/day2/galaxy-far-far-away/tatooine
$

bjame@DESKTOP-2TLNQQ1 MINGW64 ~/desktop/dev/perscholas/labs/day2/galaxy-far-far-away/tatooine
$ bjame@DESKTOP-2TLNQQ1 MINGW64 ~/desktop/dev/perscholas/labs/day2/galaxy-far-far-away/tatooine
bash: bjame@DESKTOP-2TLNQQ1: command not found

bjame@DESKTOP-2TLNQQ1 MINGW64 ~/desktop/dev/perscholas/labs/day2/galaxy-far-far-away/tatooine
$ $ mv luke.txt millenium_falcon/luke.txt && mv obi_wan.txt millenium_falcon/obi_wan.txt
bash: $: command not found

bjame@DESKTOP-2TLNQQ1 MINGW64 ~/desktop/dev/perscholas/labs/day2/galaxy-far-far-away/tatooine
$

bjame@DESKTOP-2TLNQQ1 MINGW64 ~/desktop/dev/perscholas/labs/day2/galaxy-far-far-away/tatooine
$ bjame@DESKTOP-2TLNQQ1 MINGW64 ~/desktop/dev/perscholas/labs/day2/galaxy-far-far-away/tatooine
bash: bjame@DESKTOP-2TLNQQ1: command not found

bjame@DESKTOP-2TLNQQ1 MINGW64 ~/desktop/dev/perscholas/labs/day2/galaxy-far-far-away/tatooine
$ $
bash: $: command not found

bjame@DESKTOP-2TLNQQ1 MINGW64 ~/desktop/dev/perscholas/labs/day2/galaxy-far-far-away/tatooine
clear

#5


bjame@DESKTOP-2TLNQQ1 MINGW64 ~/desktop/dev/perscholas/labs/day2/galaxy-far-far-away/tatooine
$ ls
millenium_falcon/  storm_trooper.txt

bjame@DESKTOP-2TLNQQ1 MINGW64 ~/desktop/dev/perscholas/labs/day2/galaxy-far-far-away/tatooine
$ cd millenium_falcon

bjame@DESKTOP-2TLNQQ1 MINGW64 ~/desktop/dev/perscholas/labs/day2/galaxy-far-far-away/tatooine/millenium_falcon
$ ls
chewbaca.txt  han_solo.txt  luke.txt  obi_wan.txt

bjame@DESKTOP-2TLNQQ1 MINGW64 ~/desktop/dev/perscholas/labs/day2/galaxy-far-far-away/tatooine/millenium_falcon
$ rm obi_wan.txt

bjame@DESKTOP-2TLNQQ1 MINGW64 ~/desktop/dev/perscholas/labs/day2/galaxy-far-far-away/tatooine/millenium_falcon
$

#6


bjame@DESKTOP-2TLNQQ1 MINGW64 ~/desktop/dev/perscholas/labs/day2/galaxy-far-far-away/tatooine
$ ls
millenium_falcon/  storm_trooper.txt

bjame@DESKTOP-2TLNQQ1 MINGW64 ~/desktop/dev/perscholas/labs/day2/galaxy-far-far-away/tatooine
$ cd millenium_falcon

bjame@DESKTOP-2TLNQQ1 MINGW64 ~/desktop/dev/perscholas/labs/day2/galaxy-far-far-away/tatooine/millenium_falcon
$ ls
chewbaca.txt  han_solo.txt  luke.txt  obi_wan.txt

bjame@DESKTOP-2TLNQQ1 MINGW64 ~/desktop/dev/perscholas/labs/day2/galaxy-far-far-away/tatooine/millenium_falcon
$ rm obi_wan.txt

bjame@DESKTOP-2TLNQQ1 MINGW64 ~/desktop/dev/perscholas/labs/day2/galaxy-far-far-away/tatooine/millenium_falcon
$ cd ..

bjame@DESKTOP-2TLNQQ1 MINGW64 ~/desktop/dev/perscholas/labs/day2/galaxy-far-far-away/tatooine
$ cd ..

bjame@DESKTOP-2TLNQQ1 MINGW64 ~/desktop/dev/perscholas/labs/day2/galaxy-far-far-away
$ mkdir yavin_4

bjame@DESKTOP-2TLNQQ1 MINGW64 ~/desktop/dev/perscholas/labs/day2/galaxy-far-far-away
$ ls
commands.txt  death_star/  tatooine/  yavin_4/

bjame@DESKTOP-2TLNQQ1 MINGW64 ~/desktop/dev/perscholas/labs/day2/galaxy-far-far-away
$ cd death_star

bjame@DESKTOP-2TLNQQ1 MINGW64 ~/desktop/dev/perscholas/labs/day2/galaxy-far-far-away/death_star
$ ls
darth_vader.txt  princess_leia.txt  storm_trooper.txt

bjame@DESKTOP-2TLNQQ1 MINGW64 ~/desktop/dev/perscholas/labs/day2/galaxy-far-far-away/death_star
$ cd ..

bjame@DESKTOP-2TLNQQ1 MINGW64 ~/desktop/dev/perscholas/labs/day2/galaxy-far-far-away
$ cd tatooine

bjame@DESKTOP-2TLNQQ1 MINGW64 ~/desktop/dev/perscholas/labs/day2/galaxy-far-far-away/tatooine
$ ls
millenium_falcon/  storm_trooper.txt

bjame@DESKTOP-2TLNQQ1 MINGW64 ~/desktop/dev/perscholas/labs/day2/galaxy-far-far-away/tatooine
$ mv millenium_falcon ~/D
Desktop/   Documents/ Downloads/

bjame@DESKTOP-2TLNQQ1 MINGW64 ~/desktop/dev/perscholas/labs/day2/galaxy-far-far-away/tatooine
$ mv millenium_falcon ~/Desktop/dev/perscholas/labs/day2/galaxy-far-far-away/yavin_4/

bjame@DESKTOP-2TLNQQ1 MINGW64 ~/desktop/dev/perscholas/labs/day2/galaxy-far-far-away/tatooine
$ ls
storm_trooper.txt

bjame@DESKTOP-2TLNQQ1 MINGW64 ~/desktop/dev/perscholas/labs/day2/galaxy-far-far-away/tatooine
$ cd ..

bjame@DESKTOP-2TLNQQ1 MINGW64 ~/desktop/dev/perscholas/labs/day2/galaxy-far-far-away
$ ls
commands.txt  death_star/  tatooine/  yavin_4/

bjame@DESKTOP-2TLNQQ1 MINGW64 ~/desktop/dev/perscholas/labs/day2/galaxy-far-far-away
$ cd yavin_4

bjame@DESKTOP-2TLNQQ1 MINGW64 ~/desktop/dev/perscholas/labs/day2/galaxy-far-far-away/yavin_4
$ mkdir x_wing

bjame@DESKTOP-2TLNQQ1 MINGW64 ~/desktop/dev/perscholas/labs/day2/galaxy-far-far-away/yavin_4
$ cd ..

bjame@DESKTOP-2TLNQQ1 MINGW64 ~/desktop/dev/perscholas/labs/day2/galaxy-far-far-away
$ cd tatooine

bjame@DESKTOP-2TLNQQ1 MINGW64 ~/desktop/dev/perscholas/labs/day2/galaxy-far-far-away/tatooine
$ ls
storm_trooper.txt

bjame@DESKTOP-2TLNQQ1 MINGW64 ~/desktop/dev/perscholas/labs/day2/galaxy-far-far-away/tatooine
$ cd ..

bjame@DESKTOP-2TLNQQ1 MINGW64 ~/desktop/dev/perscholas/labs/day2/galaxy-far-far-away
$ cd death_star

bjame@DESKTOP-2TLNQQ1 MINGW64 ~/desktop/dev/perscholas/labs/day2/galaxy-far-far-away/death_star
$ ls
darth_vader.txt  princess_leia.txt  storm_trooper.txt

bjame@DESKTOP-2TLNQQ1 MINGW64 ~/desktop/dev/perscholas/labs/day2/galaxy-far-far-away/death_star
$ mv princess_leia.txt ~/desktop/dev/perscholas/labs/day2/galaxy-far-far-away/yavin_4/princess_leia.txt

bjame@DESKTOP-2TLNQQ1 MINGW64 ~/desktop/dev/perscholas/labs/day2/galaxy-far-far-away/death_star
$ ls
darth_vader.txt  storm_trooper.txt

bjame@DESKTOP-2TLNQQ1 MINGW64 ~/desktop/dev/perscholas/labs/day2/galaxy-far-far-away/death_star
$ cd ..

bjame@DESKTOP-2TLNQQ1 MINGW64 ~/desktop/dev/perscholas/labs/day2/galaxy-far-far-away
$ ls
commands.txt  death_star/  tatooine/  yavin_4/

bjame@DESKTOP-2TLNQQ1 MINGW64 ~/desktop/dev/perscholas/labs/day2/galaxy-far-far-away
$ tatooine
bash: tatooine: command not found

bjame@DESKTOP-2TLNQQ1 MINGW64 ~/desktop/dev/perscholas/labs/day2/galaxy-far-far-away
$ cd tatooine

bjame@DESKTOP-2TLNQQ1 MINGW64 ~/desktop/dev/perscholas/labs/day2/galaxy-far-far-away/tatooine
$ ls
storm_trooper.txt

bjame@DESKTOP-2TLNQQ1 MINGW64 ~/desktop/dev/perscholas/labs/day2/galaxy-far-far-away/tatooine
$ cd ..

bjame@DESKTOP-2TLNQQ1 MINGW64 ~/desktop/dev/perscholas/labs/day2/galaxy-far-far-away
$ cd yavin_4

bjame@DESKTOP-2TLNQQ1 MINGW64 ~/desktop/dev/perscholas/labs/day2/galaxy-far-far-away/yavin_4
$ ls
millenium_falcon/  princess_leia.txt  x_wing/

bjame@DESKTOP-2TLNQQ1 MINGW64 ~/desktop/dev/perscholas/labs/day2/galaxy-far-far-away/yavin_4
$ cd millenium_falcon/

bjame@DESKTOP-2TLNQQ1 MINGW64 ~/desktop/dev/perscholas/labs/day2/galaxy-far-far-away/yavin_4/millenium_falcon
$ ls
chewbaca.txt  han_solo.txt  luke.txt

bjame@DESKTOP-2TLNQQ1 MINGW64 ~/desktop/dev/perscholas/labs/day2/galaxy-far-far-away/yavin_4/millenium_falcon
$ mv luke.txt ~desktop/dev/perscholas/labs/day2/galaxy-far-far-away/yavin_4/x_wing/luke.txt
mv: cannot move 'luke.txt' to '~desktop/dev/perscholas/labs/day2/galaxy-far-far-away/yavin_4/x_wing/luke.txt': No such file or directory

bjame@DESKTOP-2TLNQQ1 MINGW64 ~/desktop/dev/perscholas/labs/day2/galaxy-far-far-away/yavin_4/millenium_falcon
$ ls
chewbaca.txt  han_solo.txt  luke.txt

bjame@DESKTOP-2TLNQQ1 MINGW64 ~/desktop/dev/perscholas/labs/day2/galaxy-far-far-away/yavin_4/millenium_falcon
$ mv luke.txt ~/Desktop/dev/perscholas/labs/day2/galaxy-far-far-away/yavin_4/x_wing/luke.txt

bjame@DESKTOP-2TLNQQ1 MINGW64 ~/desktop/dev/perscholas/labs/day2/galaxy-far-far-away/yavin_4/millenium_falcon
$ cd ..

bjame@DESKTOP-2TLNQQ1 MINGW64 ~/desktop/dev/perscholas/labs/day2/galaxy-far-far-away/yavin_4
$ ls
millenium_falcon/  princess_leia.txt  x_wing/

bjame@DESKTOP-2TLNQQ1 MINGW64 ~/desktop/dev/perscholas/labs/day2/galaxy-far-far-away/yavin_4
$ mv millenium_falcon ~/desktop/dev/perscholas/labs/day2/galaxy-far-far-away/millenium_falcon

bjame@DESKTOP-2TLNQQ1 MINGW64 ~/desktop/dev/perscholas/labs/day2/galaxy-far-far-away/yavin_4
$ mv x_wing ~/desktop/dev/perscholas/labs/day2/galaxy-far-far-away/x_wing

bjame@DESKTOP-2TLNQQ1 MINGW64 ~/desktop/dev/perscholas/labs/day2/galaxy-far-far-away/yavin_4
$ cd ..

bjame@DESKTOP-2TLNQQ1 MINGW64 ~/desktop/dev/perscholas/labs/day2/galaxy-far-far-away
$ ls
commands.txt  death_star/  millenium_falcon/  tatooine/  x_wing/  yavin_4/

bjame@DESKTOP-2TLNQQ1 MINGW64 ~/desktop/dev/perscholas/labs/day2/galaxy-far-far-away

bjame@DESKTOP-2TLNQQ1 MINGW64 ~/desktop/dev/perscholas/labs/day2/galaxy-far-far-away
$ ls
commands.txt  death_star/  millenium_falcon/  tatooine/  x_wing/  yavin_4/

bjame@DESKTOP-2TLNQQ1 MINGW64 ~/desktop/dev/perscholas/labs/day2/galaxy-far-far-away
$ cd death_star/

bjame@DESKTOP-2TLNQQ1 MINGW64 ~/desktop/dev/perscholas/labs/day2/galaxy-far-far-away/death_star
$ mkdir tie_fighter_1 tie_fighter_2 tie_fighter_3

bjame@DESKTOP-2TLNQQ1 MINGW64 ~/desktop/dev/perscholas/labs/day2/galaxy-far-far-away/death_star
$ ls
darth_vader.txt    tie_fighter_1/  tie_fighter_3/
storm_trooper.txt  tie_fighter_2/

bjame@DESKTOP-2TLNQQ1 MINGW64 ~/desktop/dev/perscholas/labs/day2/galaxy-far-far-away/death_star
$ mv darth_vader.txt ~/desktop/dev/perscholas/labs/day2/galaxy-far-far-away/death_star/tie_fighter_1/darth_vader.txt

bjame@DESKTOP-2TLNQQ1 MINGW64 ~/desktop/dev/perscholas/labs/day2/galaxy-far-far-away/death_star
$ cp storm_trooper.txt ~/desktop/dev/perscholas/labs/day2/galaxy-far-far-away/death_star/tie_fighter_2/storm_trooper.txt

bjame@DESKTOP-2TLNQQ1 MINGW64 ~/desktop/dev/perscholas/labs/day2/galaxy-far-far-away/death_star
$ cp storm_trooper.txt ~/desktop/dev/perscholas/labs/day2/galaxy-far-far-away/death_star/tie_fighter_3/storm_trooper.txt

bjame@DESKTOP-2TLNQQ1 MINGW64 ~/desktop/dev/perscholas/labs/day2/galaxy-far-far-away/death_star
$ ls
storm_trooper.txt  tie_fighter_1/  tie_fighter_2/  tie_fighter_3/

bjame@DESKTOP-2TLNQQ1 MINGW64 ~/desktop/dev/perscholas/labs/day2/galaxy-far-far-away/death_star
$ mv tie_fighter_1 ..

bjame@DESKTOP-2TLNQQ1 MINGW64 ~/desktop/dev/perscholas/labs/day2/galaxy-far-far-away/death_star
$ mv tie_fighter_2 .. && mv tie_fighter_3 ..

bjame@DESKTOP-2TLNQQ1 MINGW64 ~/desktop/dev/perscholas/labs/day2/galaxy-far-far-away/death_star
$


#7



bjame@DESKTOP-2TLNQQ1 MINGW64 ~/desktop/dev/perscholas/labs/day2/galaxy-far-far-away/death_star
$ cd ..

bjame@DESKTOP-2TLNQQ1 MINGW64 ~/desktop/dev/perscholas/labs/day2/galaxy-far-far-away
$ ls
commands.txt  millenium_falcon/  tie_fighter_1/  tie_fighter_3/  yavin_4/
death_star/   tatooine/          tie_fighter_2/  x_wing/

bjame@DESKTOP-2TLNQQ1 MINGW64 ~/desktop/dev/perscholas/labs/day2/galaxy-far-far-away
$ rm -r t
tatooine/      tie_fighter_1/ tie_fighter_2/ tie_fighter_3/

bjame@DESKTOP-2TLNQQ1 MINGW64 ~/desktop/dev/perscholas/labs/day2/galaxy-far-far-away
$ rm -r tie_fighter_2 tie_fighter_3

bjame@DESKTOP-2TLNQQ1 MINGW64 ~/desktop/dev/perscholas/labs/day2/galaxy-far-far-away
$

#8


bjame@DESKTOP-2TLNQQ1 MINGW64 ~/desktop/dev/perscholas/labs/day2/galaxy-far-far-away
$ ls
commands.txt  millenium_falcon/  tie_fighter_1/  yavin_4/
death_star/   tatooine/          x_wing/

bjame@DESKTOP-2TLNQQ1 MINGW64 ~/desktop/dev/perscholas/labs/day2/galaxy-far-far-away
$ cd x_wing/

bjame@DESKTOP-2TLNQQ1 MINGW64 ~/desktop/dev/perscholas/labs/day2/galaxy-far-far-away/x_wing
$ touch the_force.txt

bjame@DESKTOP-2TLNQQ1 MINGW64 ~/desktop/dev/perscholas/labs/day2/galaxy-far-far-away/x_wing
$ ls
luke.txt  the_force.txt

bjame@DESKTOP-2TLNQQ1 MINGW64 ~/desktop/dev/perscholas/labs/day2/galaxy-far-far-away/x_wing
$ cd ..

bjame@DESKTOP-2TLNQQ1 MINGW64 ~/desktop/dev/perscholas/labs/day2/galaxy-far-far-away
$ ls
commands.txt  millenium_falcon/  tie_fighter_1/  yavin_4/
death_star/   tatooine/          x_wing/

bjame@DESKTOP-2TLNQQ1 MINGW64 ~/desktop/dev/perscholas/labs/day2/galaxy-far-far-away
$ rm -r death_star

bjame@DESKTOP-2TLNQQ1 MINGW64 ~/desktop/dev/perscholas/labs/day2/galaxy-far-far-away
$ ls
commands.txt  millenium_falcon/  tatooine/  tie_fighter_1/  x_wing/  yavin_4/

bjame@DESKTOP-2TLNQQ1 MINGW64 ~/desktop/dev/perscholas/labs/day2/galaxy-far-far-away
$ mv millenium_falcon ~/desktop/dev/perscholas/labs/day2/galaxy-far-far-away/yavin_4/

bjame@DESKTOP-2TLNQQ1 MINGW64 ~/desktop/dev/perscholas/labs/day2/galaxy-far-far-away
$ mv x_wing ~/desktop/dev/perscholas/labs/day2/galaxy-far-far-away/yavin_4/

bjame@DESKTOP-2TLNQQ1 MINGW64 ~/desktop/dev/perscholas/labs/day2/galaxy-far-far-away
$

#9

bjame@DESKTOP-2TLNQQ1 MINGW64 ~/desktop/dev/perscholas/labs/day2/galaxy-far-far-away
$ mkdir jedi

bjame@DESKTOP-2TLNQQ1 MINGW64 ~/desktop/dev/perscholas/labs/day2/galaxy-far-far-away
$

#10
